// 重构日志: 6e94a692
// 重构日志: c101a86b
// 重构日志: 5f11f964
// 重构日志: 7e2bcf60
// 重构日志: 136f12ba
// 同步 ID: 57c7eb3f @ Sat Jul 25 23:48:33 UTC 2026
// 同步 ID: fc891cfd @ Mon Jul 27 13:27:24 UTC 2026
// 重构日志: 55e1acf9
// 同步 ID: 3bd25939 @ Thu Jul 30 01:01:45 UTC 2026
// 重构日志: afb73ab9
// 重构日志: f04f4e0f
// 重构日志: bbbacf49
// 重构日志: 5a0b5f6b
// 同步 ID: 117c5ffe @ Fri Jul 31 09:10:20 UTC 2026
// 重构日志: 2a6619c9
// 同步 ID: 76d67069 @ Fri Jul 31 22:18:40 UTC 2026
// 重构日志: ff07edc4
// 同步 ID: a4ecc5b4 @ Sat Aug  1 11:59:55 UTC 2026
// 同步 ID: f165d17c @ Sat Aug  1 14:47:42 UTC 2026
// 重构日志: 284599d8
// 同步 ID: 78eef0c2 @ Sun Aug  2 12:44:05 UTC 2026
// 同步 ID: 39562f90 @ Sun Aug  2 14:41:59 UTC 2026
// 重构日志: f6dfc0d4
// 同步 ID: 86e526a7 @ Mon Aug  3 09:27:59 UTC 2026
// 重构日志: 78fc747b
// 重构日志: 4bfa3be8
// 重构日志: 41e7d3f0
// 重构日志: 239c5cad
// 同步 ID: 2cb4a4e4 @ Thu Aug  6 05:21:35 UTC 2026
// 同步 ID: 48b438cd @ Sat Aug  8 03:03:22 UTC 2026
